Last login: Fri Sep 19 20:36:53 on ttys000

The default interactive shell is now zsh.
To update your account to use zsh, please run `chsh -s /bin/zsh`.
For more details, please visit https://support.apple.com/kb/HT208050.
Rayens-MacBook-Air:~ rayenbouazizi$ git clone https://github.com/rayenbouazizi8/Checkpoint.git
Cloning into 'Checkpoint'...
warning: You appear to have cloned an empty repository.
Rayens-MacBook-Air:~ rayenbouazizi$ mkdir learn_git
mkdir: learn_git: File exists
Rayens-MacBook-Air:~ rayenbouazizi$ cd learn_git
Rayens-MacBook-Air:learn_git rayenbouazizi$ touch third.txt
Rayens-MacBook-Air:learn_git rayenbouazizi$ git init
Reinitialized existing Git repository in /Users/rayenbouazizi/learn_git/.git/
Rayens-MacBook-Air:learn_git rayenbouazizi$ git add third.txt
Rayens-MacBook-Air:learn_git rayenbouazizi$ git commit -m "adding third.txt"
[main 60cec03] adding third.txt
 1 file changed, 0 insertions(+), 0 deletions(-)
 create mode 100644 third.txt
Rayens-MacBook-Air:learn_git rayenbouazizi$ git log
commit 60cec03ed3fbe52689539d29ed90b523884391b4 (HEAD -> main)
Author: rayenbouazizi8 <rayenbouazizi8@gmail.com>
Date:   Fri Sep 19 22:12:47 2025 +0200

    adding third.txt

commit 21ad642bf0d938e9fed7f5dcdbd2eacf120598d2
Author: rayenbouazizi8 <rayenbouazizi8@gmail.com>
Date:   Fri Sep 19 21:45:07 2025 +0200

    removing third.txt

commit 003c15cb66683a90607beea7824cfbc3dc6c09e1
Author: rayenbouazizi8 <rayenbouazizi8@gmail.com>
Date:   Fri Sep 19 21:44:34 2025 +0200

    adding fourth.txt

commit cbc7fc3572d74792b7eeacb7bdec3020ffeef6b9
Author: rayenbouazizi8 <rayenbouazizi8@gmail.com>
Date:   Fri Sep 19 21:43:14 2025 +0200

    adding third.txt
Rayens-MacBook-Air:learn_git rayenbouazizi$ touch fourth.txt
Rayens-MacBook-Air:learn_git rayenbouazizi$ git add fourth.txt
Rayens-MacBook-Air:learn_git rayenbouazizi$ git commit -m "adding fourth.txt"
On branch main
nothing to commit, working tree clean
Rayens-MacBook-Air:learn_git rayenbouazizi$ rm third.txt
Rayens-MacBook-Air:learn_git rayenbouazizi$ git add.
git: 'add.' is not a git command. See 'git --help'.

The most similar command is
	add
Rayens-MacBook-Air:learn_git rayenbouazizi$ git commit -m "removing third.txt"
On branch main
Changes not staged for commit:
	deleted:    third.txt

no changes added to commit
Rayens-MacBook-Air:learn_git rayenbouazizi$ git log
commit 60cec03ed3fbe52689539d29ed90b523884391b4 (HEAD -> main)
Author: rayenbouazizi8 <rayenbouazizi8@gmail.com>
Date:   Fri Sep 19 22:12:47 2025 +0200

    adding third.txt

commit 21ad642bf0d938e9fed7f5dcdbd2eacf120598d2
Author: rayenbouazizi8 <rayenbouazizi8@gmail.com>
Date:   Fri Sep 19 21:45:07 2025 +0200

    removing third.txt

commit 003c15cb66683a90607beea7824cfbc3dc6c09e1
Author: rayenbouazizi8 <rayenbouazizi8@gmail.com>
Date:   Fri Sep 19 21:44:34 2025 +0200

    adding fourth.txt

commit cbc7fc3572d74792b7eeacb7bdec3020ffeef6b9
Author: rayenbouazizi8 <rayenbouazizi8@gmail.com>
Date:   Fri Sep 19 21:43:14 2025 +0200

    adding third.txt
Rayens-MacBook-Air:learn_git rayenbouazizi$ git config --global core.pager cat
Rayens-MacBook-Air:learn_git rayenbouazizi$ git config --global --list
user.name=rayenbouazizi8
user.email=rayenbouazizi8@gmail.com
core.pager=cat
Rayens-MacBook-Air:learn_git rayenbouazizi$ git branch -M main
Rayens-MacBook-Air:learn_git rayenbouazizi$ git push -u origin main
Password for 'https://rayenbouazizi8@github.com': 
remote: Invalid username or token. Password authentication is not supported for Git operations.
fatal: Authentication failed for 'https://rayenbouazizi8@github.com/rayenbouazizi8/learn_git.git/'
Rayens-MacBook-Air:learn_git rayenbouazizi$ git branch -M main
Rayens-MacBook-Air:learn_git rayenbouazizi$ git push -u origin main
Password for 'https://rayenbouazizi8@github.com': 
remote: Repository not found.
fatal: repository 'https://rayenbouazizi8@github.com/rayenbouazizi8/learn_git.git/' not found
Rayens-MacBook-Air:learn_git rayenbouazizi$ git branch -M main
Rayens-MacBook-Air:learn_git rayenbouazizi$ git push -u origin main
Password for 'https://rayenbouazizi8@github.com': 
remote: Invalid username or token. Password authentication is not supported for Git operations.
fatal: Authentication failed for 'https://rayenbouazizi8@github.com/rayenbouazizi8/learn_git.git/'
Rayens-MacBook-Air:learn_git rayenbouazizi$ git branch -M main
Rayens-MacBook-Air:learn_git rayenbouazizi$ git push -u origin main
Password for 'https://rayenbouazizi8@github.com': 
remote: Invalid username or token. Password authentication is not supported for Git operations.
fatal: Authentication failed for 'https://rayenbouazizi8@github.com/rayenbouazizi8/learn_git.git/'
Rayens-MacBook-Air:learn_git rayenbouazizi$ git remote set-url origin git@github.com:rayenbouazizi8/learn_git.git
Rayens-MacBook-Air:learn_git rayenbouazizi$ git remote set-url origin git@github.com:rayenbouazizi8/Checkpoint.git
Rayens-MacBook-Air:learn_git rayenbouazizi$ git remote -v
origin	git@github.com:rayenbouazizi8/Checkpoint.git (fetch)
origin	git@github.com:rayenbouazizi8/Checkpoint.git (push)
Rayens-MacBook-Air:learn_git rayenbouazizi$ ssh -T git@github.com
The authenticity of host 'github.com (140.82.121.3)' can't be established.
ED25519 key fingerprint is SHA256:+DiY3wvvV6TuJJhbpZisF/zLDA0zPMSvHdkr4UvCOqU.
This key is not known by any other names.
Are you sure you want to continue connecting (yes/no/[fingerprint])? The authenticity of host 'github.com (140.82.121.3)' can't be established.
Please type 'yes', 'no' or the fingerprint: yes
Warning: Permanently added 'github.com' (ED25519) to the list of known hosts.
git@github.com: Permission denied (publickey).
Rayens-MacBook-Air:learn_git rayenbouazizi$ ls -al ~/.ssh
total 8
drwx------   3 rayenbouazizi  staff    96 Sep 19 22:25 .
drwxr-x---+ 41 rayenbouazizi  staff  1312 Sep 19 22:25 ..
-rw-r--r--   1 rayenbouazizi  staff    92 Sep 19 22:25 known_hosts
Rayens-MacBook-Air:learn_git rayenbouazizi$ ssh-keygen -t ed25519 -C "rayenbouazizi8@gmail.com"
Generating public/private ed25519 key pair.
Enter file in which to save the key (/Users/rayenbouazizi/.ssh/id_ed25519): /Users/rayenbouazizi/.ssh/id_ed25519
Enter passphrase for "/Users/rayenbouazizi/.ssh/id_ed25519" (empty for no passphrase): 
Enter same passphrase again: 
Passphrases do not match.  Try again.
Enter passphrase for "/Users/rayenbouazizi/.ssh/id_ed25519" (empty for no passphrase): 
Enter same passphrase again: 
Your identification has been saved in /Users/rayenbouazizi/.ssh/id_ed25519
Your public key has been saved in /Users/rayenbouazizi/.ssh/id_ed25519.pub
The key fingerprint is:
SHA256:XighxrjmZYXiBiC7mqMiAXFD/+D9oi6E3TsqwaqtpDA rayenbouazizi8@gmail.com
The key's randomart image is:
+--[ED25519 256]--+
|o..              |
|+.o+ .           |
|ooo.B o          |
|.+ = * . .       |
|+o=.+ + S .      |
|=*oo.  + .       |
|E=.  .. o        |
|X+. o. .         |
|Ooo+o.           |
+----[SHA256]-----+
Rayens-MacBook-Air:learn_git rayenbouazizi$ eval "$(ssh-agent -s)"
Agent pid 69265
Rayens-MacBook-Air:learn_git rayenbouazizi$ ssh-add ~/.ssh/id_ed25519
Enter passphrase for /Users/rayenbouazizi/.ssh/id_ed25519: 
Identity added: /Users/rayenbouazizi/.ssh/id_ed25519 (rayenbouazizi8@gmail.com)
Rayens-MacBook-Air:learn_git rayenbouazizi$ pbcopy < ~/.ssh/id_ed25519.pub
Rayens-MacBook-Air:learn_git rayenbouazizi$ pbcopy < ~/.ssh/id_ed25519.pub
Rayens-MacBook-Air:learn_git rayenbouazizi$ 
Rayens-MacBook-Air:learn_git rayenbouazizi$ ssh -T git@github.com

Hi rayenbouazizi8! You've successfully authenticated, but GitHub does not provide shell access.
Rayens-MacBook-Air:learn_git rayenbouazizi$ git remote set-url origin git@github.com:rayenbouazizi8/Checkpoint.git
Rayens-MacBook-Air:learn_git rayenbouazizi$ git remote -v
origin	git@github.com:rayenbouazizi8/Checkpoint.git (fetch)
origin	git@github.com:rayenbouazizi8/Checkpoint.git (push)
Rayens-MacBook-Air:learn_git rayenbouazizi$ git branch -M main
Rayens-MacBook-Air:learn_git rayenbouazizi$ git push -u origin main
Counting objects: 8, done.
Delta compression using up to 8 threads.
Compressing objects: 100% (5/5), done.
Writing objects: 100% (8/8), 735 bytes | 735.00 KiB/s, done.
Total 8 (delta 1), reused 0 (delta 0)
remote: Resolving deltas: 100% (1/1), done.
To github.com:rayenbouazizi8/Checkpoint.git
 * [new branch]      main -> main
Branch 'main' set up to track remote branch 'main' from 'origin'.
Rayens-MacBook-Air:learn_git rayenbouazizi$ 
